 _SQL_COL_1 | _SQL_COL_2 | _SQL_COL_3 
------------+------------+------------
 a          | b          | c          
(1 row)

 _SQL_COL_1 
------------
          1 
(1 row)

 _SQL_COL_1 
------------
          2 
(1 row)

 _SQL_COL_1 | _SQL_COL_2 
------------+------------
          4 |          5 
(1 row)

 _SQL_COL_1 
------------
          6 
(1 row)

 _SQL_COL_1 
------------
          7 
(1 row)

 _SQL_COL_1 
------------
          8 
(1 row)

